

================================================================
== Vivado HLS Report for 'wang_dct_1d'
================================================================
* Date:           Wed Dec 23 16:13:40 2020

* Version:        2019.2 (Build 2704478 on Wed Nov 06 22:10:23 MST 2019)
* Project:        mpeg
* Solution:       solution1
* Product family: zynq
* Target device:  xc7z020-clg400-1


================================================================
== Performance Estimates
================================================================
+ Timing: 
    * Summary: 
    +--------+---------+----------+------------+
    |  Clock |  Target | Estimated| Uncertainty|
    +--------+---------+----------+------------+
    |ap_clk  | 5.00 ns | 4.302 ns |   0.63 ns  |
    +--------+---------+----------+------------+

+ Latency: 
    * Summary: 
    +---------+---------+-----------+-----------+-----+-----+----------+
    |  Latency (cycles) |   Latency (absolute)  |  Interval | Pipeline |
    |   min   |   max   |    min    |    max    | min | max |   Type   |
    +---------+---------+-----------+-----------+-----+-----+----------+
    |       15|       15| 75.000 ns | 75.000 ns |    4|    4| function |
    +---------+---------+-----------+-----------+-----+-----+----------+

    + Detail: 
        * Instance: 
        N/A

        * Loop: 
        N/A



================================================================
== Utilization Estimates
================================================================
* Summary: 
+-----------------+---------+-------+--------+-------+-----+
|       Name      | BRAM_18K| DSP48E|   FF   |  LUT  | URAM|
+-----------------+---------+-------+--------+-------+-----+
|DSP              |        -|     11|       -|      -|    -|
|Expression       |        -|      -|       0|    627|    -|
|FIFO             |        -|      -|       -|      -|    -|
|Instance         |        -|      -|       -|      -|    -|
|Memory           |        -|      -|       -|      -|    -|
|Multiplexer      |        -|      -|       -|    198|    -|
|Register         |        0|      -|     687|     32|    -|
+-----------------+---------+-------+--------+-------+-----+
|Total            |        0|     11|     687|    857|    0|
+-----------------+---------+-------+--------+-------+-----+
|Available        |      280|    220|  106400|  53200|    0|
+-----------------+---------+-------+--------+-------+-----+
|Utilization (%)  |        0|      5|   ~0   |      1|    0|
+-----------------+---------+-------+--------+-------+-----+

+ Detail: 
    * Instance: 
    N/A

    * DSP48E: 
    +--------------------------+----------------------+---------------------+
    |         Instance         |        Module        |      Expression     |
    +--------------------------+----------------------+---------------------+
    |top_fdct_ama_addmbkb_U25  |top_fdct_ama_addmbkb  | (i0 + i1) * i2 + i3 |
    |top_fdct_ama_addmkbM_U27  |top_fdct_ama_addmkbM  | (i0 + i1) * i2 + i3 |
    |top_fdct_ama_addmncg_U30  |top_fdct_ama_addmncg  | (i0 + i1) * i2 + i3 |
    |top_fdct_ama_addmqcK_U33  |top_fdct_ama_addmqcK  | (i0 + i1) * i2 + i3 |
    |top_fdct_ama_submcud_U26  |top_fdct_ama_submcud  | (i0 - i1) * i2 + i3 |
    |top_fdct_mac_mulalbW_U28  |top_fdct_mac_mulalbW  |     i0 + i1 * i2    |
    |top_fdct_mac_mulamb6_U29  |top_fdct_mac_mulamb6  |     i0 + i1 * i2    |
    |top_fdct_mac_mulaocq_U31  |top_fdct_mac_mulaocq  |     i0 + i1 * i2    |
    |top_fdct_mac_mulapcA_U32  |top_fdct_mac_mulapcA  |     i0 * i1 + i2    |
    |top_fdct_mac_mularcU_U34  |top_fdct_mac_mularcU  |     i0 + i1 * i2    |
    |top_fdct_mac_mulssc4_U35  |top_fdct_mac_mulssc4  |     i0 - i1 * i2    |
    +--------------------------+----------------------+---------------------+

    * Memory: 
    N/A

    * FIFO: 
    N/A

    * Expression: 
    +---------------------------+----------+-------+---+----+------------+------------+
    |       Variable Name       | Operation| DSP48E| FF| LUT| Bitwidth P0| Bitwidth P1|
    +---------------------------+----------+-------+---+----+------------+------------+
    |add_ln173_1_fu_508_p2      |     +    |      0|  0|  26|          19|           6|
    |add_ln173_fu_518_p2        |     +    |      0|  0|  27|          20|          20|
    |add_ln177_fu_534_p2        |     +    |      0|  0|  27|          20|           6|
    |add_ln188_fu_743_p2        |     +    |      0|  0|  15|           6|           6|
    |add_ln70_fu_272_p2         |     +    |      0|  0|  15|           6|           1|
    |add_ln71_fu_278_p2         |     +    |      0|  0|  15|           6|           2|
    |add_ln72_fu_302_p2         |     +    |      0|  0|  15|           6|           2|
    |add_ln73_fu_307_p2         |     +    |      0|  0|  15|           6|           3|
    |add_ln74_fu_292_p2         |     +    |      0|  0|  15|           6|           3|
    |add_ln75_fu_297_p2         |     +    |      0|  0|  15|           6|           3|
    |add_ln76_fu_328_p2         |     +    |      0|  0|  15|           6|           3|
    |i17_x0_fu_395_p2           |     +    |      0|  0|  24|          17|          17|
    |i17_x1_fu_349_p2           |     +    |      0|  0|  24|          17|          17|
    |i17_x2_fu_363_p2           |     +    |      0|  0|  24|          17|          17|
    |i17_x3_fu_419_p2           |     +    |      0|  0|  24|          17|          17|
    |i18_x0_fu_447_p2           |     +    |      0|  0|  25|          18|          18|
    |i18_x1_fu_459_p2           |     +    |      0|  0|  25|          18|          18|
    |i19_x4_fu_574_p2           |     +    |      0|  0|  25|          18|          18|
    |i19_x5_fu_586_p2           |     +    |      0|  0|  25|          18|          18|
    |i17_x4_fu_429_p2           |     -    |      0|  0|  24|          17|          17|
    |i17_x5_fu_435_p2           |     -    |      0|  0|  24|          17|          17|
    |i17_x6_fu_369_p2           |     -    |      0|  0|  24|          17|          17|
    |i17_x7_fu_375_p2           |     -    |      0|  0|  24|          17|          17|
    |i18_x3_fu_453_p2           |     -    |      0|  0|  25|          18|          18|
    |i18_x8_fu_441_p2           |     -    |      0|  0|  25|          18|          18|
    |i19_x1_fu_568_p2           |     -    |      0|  0|  25|          18|          18|
    |i19_x2_fu_580_p2           |     -    |      0|  0|  25|          18|          18|
    |i19_x6_fu_498_p2           |     -    |      0|  0|  26|          19|          19|
    |ap_block_pp0_stage0_11001  |    and   |      0|  0|   2|           1|           1|
    |ap_enable_pp0              |    xor   |      0|  0|   2|           1|           2|
    |xor_ln184_fu_733_p2        |    xor   |      0|  0|   5|           4|           5|
    +---------------------------+----------+-------+---+----+------------+------------+
    |Total                      |          |      0|  0| 627|         412|         362|
    +---------------------------+----------+-------+---+----+------------+------------+

    * Multiplexer: 
    +-------------------------+----+-----------+-----+-----------+
    |           Name          | LUT| Input Size| Bits| Total Bits|
    +-------------------------+----+-----------+-----+-----------+
    |ap_NS_fsm                |  27|          5|    1|          5|
    |ap_enable_reg_pp0_iter0  |   9|          2|    1|          2|
    |xx_address0              |  27|          5|    6|         30|
    |xx_address1              |  27|          5|    6|         30|
    |yy_address0              |  27|          5|    6|         30|
    |yy_address1              |  27|          5|    6|         30|
    |yy_d0                    |  27|          5|   16|         80|
    |yy_d1                    |  27|          5|   16|         80|
    +-------------------------+----+-----------+-----+-----------+
    |Total                    | 198|         37|   58|        287|
    +-------------------------+----+-----------+-----+-----------+

    * Register: 
    +-----------------------------+----+----+-----+-----------+
    |             Name            | FF | LUT| Bits| Const Bits|
    +-----------------------------+----+----+-----+-----------+
    |add_ln119_reg_1094           |  30|   0|   30|          0|
    |add_ln141_reg_1130           |  29|   0|   29|          0|
    |add_ln188_reg_1173           |   6|   0|    6|          0|
    |add_ln70_reg_903             |   6|   0|    6|          0|
    |add_ln71_reg_908             |   6|   0|    6|          0|
    |add_ln72_reg_933             |   6|   0|    6|          0|
    |add_ln73_reg_938             |   6|   0|    6|          0|
    |add_ln74_reg_923             |   6|   0|    6|          0|
    |add_ln75_reg_928             |   6|   0|    6|          0|
    |add_ln76_reg_972             |   6|   0|    6|          0|
    |ap_CS_fsm                    |   4|   0|    4|          0|
    |ap_enable_reg_pp0_iter0_reg  |   1|   0|    1|          0|
    |ap_enable_reg_pp0_iter1      |   1|   0|    1|          0|
    |ap_enable_reg_pp0_iter2      |   1|   0|    1|          0|
    |ap_enable_reg_pp0_iter3      |   1|   0|    1|          0|
    |ap_port_reg_i                |   4|   0|    4|          0|
    |i17_x1_reg_987               |  17|   0|   17|          0|
    |i17_x2_reg_992               |  17|   0|   17|          0|
    |i17_x4_reg_1007              |  17|   0|   17|          0|
    |i17_x5_reg_1012              |  17|   0|   17|          0|
    |i17_x6_reg_997               |  17|   0|   17|          0|
    |i17_x7_reg_1002              |  17|   0|   17|          0|
    |i18_x0_reg_1023              |  18|   0|   18|          0|
    |i18_x1_reg_1035              |  18|   0|   18|          0|
    |i18_x3_reg_1029              |  18|   0|   18|          0|
    |i18_x8_reg_1017              |  18|   0|   18|          0|
    |i19_x1_reg_1070              |  18|   0|   18|          0|
    |i19_x2_reg_1082              |  18|   0|   18|          0|
    |i19_x4_reg_1076              |  18|   0|   18|          0|
    |i19_x5_reg_1088              |  18|   0|   18|          0|
    |i33_x7_reg_1141              |  31|   0|   31|          0|
    |i_read_reg_953               |   4|   0|    4|          0|
    |reg_256                      |  16|   0|   16|          0|
    |reg_260                      |  16|   0|   16|          0|
    |reg_264                      |  16|   0|   16|          0|
    |reg_268                      |  16|   0|   16|          0|
    |tmp_2_reg_1045               |  17|   0|   17|          0|
    |tmp_3_reg_1147               |  14|   0|   14|          0|
    |tmp_4_reg_1157               |  14|   0|   14|          0|
    |tmp_5_reg_1152               |  13|   0|   13|          0|
    |tmp_6_reg_1162               |  15|   0|   15|          0|
    |tmp_reg_1040                 |  17|   0|   17|          0|
    |trunc_ln5_reg_1050           |  14|   0|   14|          0|
    |trunc_ln6_reg_1110           |  13|   0|   13|          0|
    |trunc_ln7_reg_1055           |  14|   0|   14|          0|
    |trunc_ln8_reg_1115           |  14|   0|   14|          0|
    |xor_ln184_reg_1167           |   4|   0|    4|          0|
    |xor_ln_reg_1136              |   4|   0|    5|          1|
    |xx_offset_read_reg_893       |   6|   0|    6|          0|
    |i_read_reg_953               |  64|  32|    4|          0|
    +-----------------------------+----+----+-----+-----------+
    |Total                        | 687|  32|  628|          1|
    +-----------------------------+----+----+-----+-----------+



================================================================
== Interface
================================================================
* Summary: 
+-------------+-----+-----+------------+--------------+--------------+
|  RTL Ports  | Dir | Bits|  Protocol  | Source Object|    C Type    |
+-------------+-----+-----+------------+--------------+--------------+
|ap_clk       |  in |    1| ap_ctrl_hs |  wang_dct_1d | return value |
|ap_rst       |  in |    1| ap_ctrl_hs |  wang_dct_1d | return value |
|ap_start     |  in |    1| ap_ctrl_hs |  wang_dct_1d | return value |
|ap_done      | out |    1| ap_ctrl_hs |  wang_dct_1d | return value |
|ap_idle      | out |    1| ap_ctrl_hs |  wang_dct_1d | return value |
|ap_ready     | out |    1| ap_ctrl_hs |  wang_dct_1d | return value |
|xx_address0  | out |    6|  ap_memory |      xx      |     array    |
|xx_ce0       | out |    1|  ap_memory |      xx      |     array    |
|xx_q0        |  in |   16|  ap_memory |      xx      |     array    |
|xx_address1  | out |    6|  ap_memory |      xx      |     array    |
|xx_ce1       | out |    1|  ap_memory |      xx      |     array    |
|xx_q1        |  in |   16|  ap_memory |      xx      |     array    |
|xx_offset    |  in |    6|   ap_none  |   xx_offset  |    scalar    |
|yy_address0  | out |    6|  ap_memory |      yy      |     array    |
|yy_ce0       | out |    1|  ap_memory |      yy      |     array    |
|yy_we0       | out |    1|  ap_memory |      yy      |     array    |
|yy_d0        | out |   16|  ap_memory |      yy      |     array    |
|yy_address1  | out |    6|  ap_memory |      yy      |     array    |
|yy_ce1       | out |    1|  ap_memory |      yy      |     array    |
|yy_we1       | out |    1|  ap_memory |      yy      |     array    |
|yy_d1        | out |   16|  ap_memory |      yy      |     array    |
|i            |  in |    4|   ap_none  |       i      |    scalar    |
+-------------+-----+-----+------------+--------------+--------------+

